<?xml version="1.0" encoding="UTF-8"?>
<TestRun id="897973cb-b0d6-42d4-90d8-def84d8fc3d6" name="erinh@ERIN-H 2011-04-04 23:33:35" runUser="SUNSHINE\erinh" xmlns="http://microsoft.com/schemas/VisualStudio/TeamTest/2010">
  <TestSettings name="Local" id="9af86cf1-fadb-46d3-a32e-3457b1733d91">
    <Description>These are default test settings for a local test run.</Description>
    <Deployment enabled="false" runDeploymentRoot="erinh_ERIN-H 2011-04-04 23_33_35">
      <DeploymentItem filename="C:\Users\erinh.SUNSHINE\Documents\My Dropbox\src\Monads.NET\Monads.NET\Monads.NET\bin\Debug\Monads.NET.dll" />
    </Deployment>
    <Execution>
      <TestTypeSpecific />
      <AgentRule name="Execution Agents">
      </AgentRule>
    </Execution>
  </TestSettings>
  <Times creation="2011-04-04T23:33:35.9768883-06:00" queuing="2011-04-04T23:33:37.7839917-06:00" start="2011-04-04T23:33:38.0010041-06:00" finish="2011-04-04T23:33:39.6490983-06:00" />
  <ResultSummary outcome="Completed">
    <Counters total="9" executed="9" passed="9" error="0" failed="0" timeout="0" aborted="0" inconclusive="0" passedButRunAborted="0" notRunnable="0" notExecuted="0" disconnected="0" warning="0" completed="0" inProgress="0" pending="0" />
  </ResultSummary>
  <TestDefinitions>
    <UnitTest name="With_on_An_Class_returns_value" storage="c:\users\erinh.sunshine\documents\my dropbox\src\monads.net\monads.net\monads.net.tests\bin\debug\monads.net.tests.dll" id="4a6834bd-a97d-2aa6-1f09-303f3ff7e263">
      <Execution id="53361dbb-d84d-4cf8-861b-b35e2209cd1e" />
      <TestMethod codeBase="C:/Users/erinh.SUNSHINE/Documents/My Dropbox/src/Monads.NET/Monads.NET/Monads.Net.Tests/bin/Debug/Monads.Net.Tests.DLL" adapterTypeName="Microsoft.VisualStudio.TestTools.TestTypes.Unit.UnitTestAdapter, Microsoft.VisualStudio.QualityTools.Tips.UnitTest.Adapter, Version=10.0.0.0, Culture=neutral, PublicKeyToken=b03f5f7f11d50a3a" className="Monads.Net.Tests.MaybeTests, Monads.Net.Tests, Version=1.0.0.0, Culture=neutral, PublicKeyToken=null" name="With_on_An_Class_returns_value" />
    </UnitTest>
    <UnitTest name="Return_on_a_class_returns_ValueType_failvalue" storage="c:\users\erinh.sunshine\documents\my dropbox\src\monads.net\monads.net\monads.net.tests\bin\debug\monads.net.tests.dll" id="5920a902-6682-dbf2-fab1-14da697cf8d3">
      <Execution id="9f48c0de-84f4-4565-9e4e-7ae047b07205" />
      <TestMethod codeBase="C:/Users/erinh.SUNSHINE/Documents/My Dropbox/src/Monads.NET/Monads.NET/Monads.Net.Tests/bin/Debug/Monads.Net.Tests.DLL" adapterTypeName="Microsoft.VisualStudio.TestTools.TestTypes.Unit.UnitTestAdapter, Microsoft.VisualStudio.QualityTools.Tips.UnitTest.Adapter, Version=10.0.0.0, Culture=neutral, PublicKeyToken=b03f5f7f11d50a3a" className="Monads.Net.Tests.MaybeTests, Monads.Net.Tests, Version=1.0.0.0, Culture=neutral, PublicKeyToken=null" name="Return_on_a_class_returns_ValueType_failvalue" />
    </UnitTest>
    <UnitTest name="With_on_null_Dictionary_will_Return_Null" storage="c:\users\erinh.sunshine\documents\my dropbox\src\monads.net\monads.net\monads.net.tests\bin\debug\monads.net.tests.dll" id="c0270ca7-d82c-bc31-916e-b4d6b5e3a83b">
      <Execution id="d87f64bb-4176-4b6c-b0d2-698794a3b2b8" />
      <TestMethod codeBase="C:/Users/erinh.SUNSHINE/Documents/My Dropbox/src/Monads.NET/Monads.NET/Monads.Net.Tests/bin/Debug/Monads.Net.Tests.DLL" adapterTypeName="Microsoft.VisualStudio.TestTools.TestTypes.Unit.UnitTestAdapter, Microsoft.VisualStudio.QualityTools.Tips.UnitTest.Adapter, Version=10.0.0.0, Culture=neutral, PublicKeyToken=b03f5f7f11d50a3a" className="Monads.Net.Tests.MaybeTests, Monads.Net.Tests, Version=1.0.0.0, Culture=neutral, PublicKeyToken=null" name="With_on_null_Dictionary_will_Return_Null" />
    </UnitTest>
    <UnitTest name="Return_on_a_class_returns_value" storage="c:\users\erinh.sunshine\documents\my dropbox\src\monads.net\monads.net\monads.net.tests\bin\debug\monads.net.tests.dll" id="5d22316c-9975-2227-18f8-623cbb08b67c">
      <Execution id="ad5e5bd3-377a-44ea-ba5d-51e73627d7e8" />
      <TestMethod codeBase="C:/Users/erinh.SUNSHINE/Documents/My Dropbox/src/Monads.NET/Monads.NET/Monads.Net.Tests/bin/Debug/Monads.Net.Tests.DLL" adapterTypeName="Microsoft.VisualStudio.TestTools.TestTypes.Unit.UnitTestAdapter, Microsoft.VisualStudio.QualityTools.Tips.UnitTest.Adapter, Version=10.0.0.0, Culture=neutral, PublicKeyToken=b03f5f7f11d50a3a" className="Monads.Net.Tests.MaybeTests, Monads.Net.Tests, Version=1.0.0.0, Culture=neutral, PublicKeyToken=null" name="Return_on_a_class_returns_value" />
    </UnitTest>
    <UnitTest name="Return_on_null_class_returns_failValue" storage="c:\users\erinh.sunshine\documents\my dropbox\src\monads.net\monads.net\monads.net.tests\bin\debug\monads.net.tests.dll" id="5697a7ff-4f17-e608-de09-0236fe603b77">
      <Execution id="9e519e8e-66ab-43b4-9948-858358534301" />
      <TestMethod codeBase="C:/Users/erinh.SUNSHINE/Documents/My Dropbox/src/Monads.NET/Monads.NET/Monads.Net.Tests/bin/Debug/Monads.Net.Tests.DLL" adapterTypeName="Microsoft.VisualStudio.TestTools.TestTypes.Unit.UnitTestAdapter, Microsoft.VisualStudio.QualityTools.Tips.UnitTest.Adapter, Version=10.0.0.0, Culture=neutral, PublicKeyToken=b03f5f7f11d50a3a" className="Monads.Net.Tests.MaybeTests, Monads.Net.Tests, Version=1.0.0.0, Culture=neutral, PublicKeyToken=null" name="Return_on_null_class_returns_failValue" />
    </UnitTest>
    <UnitTest name="With_will_return_Null_when_class_is_null" storage="c:\users\erinh.sunshine\documents\my dropbox\src\monads.net\monads.net\monads.net.tests\bin\debug\monads.net.tests.dll" id="64ab60ad-4c95-2274-25a0-0c982d93375a">
      <Execution id="eed8195d-5605-4126-9adc-bead053ee3e3" />
      <TestMethod codeBase="C:/Users/erinh.SUNSHINE/Documents/My Dropbox/src/Monads.NET/Monads.NET/Monads.Net.Tests/bin/Debug/Monads.Net.Tests.DLL" adapterTypeName="Microsoft.VisualStudio.TestTools.TestTypes.Unit.UnitTestAdapter, Microsoft.VisualStudio.QualityTools.Tips.UnitTest.Adapter, Version=10.0.0.0, Culture=neutral, PublicKeyToken=b03f5f7f11d50a3a" className="Monads.Net.Tests.MaybeTests, Monads.Net.Tests, Version=1.0.0.0, Culture=neutral, PublicKeyToken=null" name="With_will_return_Null_when_class_is_null" />
    </UnitTest>
    <UnitTest name="With_on_Dictionary_returns_Value" storage="c:\users\erinh.sunshine\documents\my dropbox\src\monads.net\monads.net\monads.net.tests\bin\debug\monads.net.tests.dll" id="2a6f4f01-b3f2-c698-cec0-f0aa65613ab6">
      <Execution id="28391011-24ec-47ac-b78a-d034735b0601" />
      <TestMethod codeBase="C:/Users/erinh.SUNSHINE/Documents/My Dropbox/src/Monads.NET/Monads.NET/Monads.Net.Tests/bin/Debug/Monads.Net.Tests.DLL" adapterTypeName="Microsoft.VisualStudio.TestTools.TestTypes.Unit.UnitTestAdapter, Microsoft.VisualStudio.QualityTools.Tips.UnitTest.Adapter, Version=10.0.0.0, Culture=neutral, PublicKeyToken=b03f5f7f11d50a3a" className="Monads.Net.Tests.MaybeTests, Monads.Net.Tests, Version=1.0.0.0, Culture=neutral, PublicKeyToken=null" name="With_on_Dictionary_returns_Value" />
    </UnitTest>
    <UnitTest name="Return_on_a_class_returns_ValueType_value" storage="c:\users\erinh.sunshine\documents\my dropbox\src\monads.net\monads.net\monads.net.tests\bin\debug\monads.net.tests.dll" id="f944a800-cea7-85ec-a81b-8e3853855ce2">
      <Execution id="efb8544a-7784-4e8b-b140-2038b9e32597" />
      <TestMethod codeBase="C:/Users/erinh.SUNSHINE/Documents/My Dropbox/src/Monads.NET/Monads.NET/Monads.Net.Tests/bin/Debug/Monads.Net.Tests.DLL" adapterTypeName="Microsoft.VisualStudio.TestTools.TestTypes.Unit.UnitTestAdapter, Microsoft.VisualStudio.QualityTools.Tips.UnitTest.Adapter, Version=10.0.0.0, Culture=neutral, PublicKeyToken=b03f5f7f11d50a3a" className="Monads.Net.Tests.MaybeTests, Monads.Net.Tests, Version=1.0.0.0, Culture=neutral, PublicKeyToken=null" name="Return_on_a_class_returns_ValueType_value" />
    </UnitTest>
    <UnitTest name="With_on_Dictionary_Without_Key_Returns_Null" storage="c:\users\erinh.sunshine\documents\my dropbox\src\monads.net\monads.net\monads.net.tests\bin\debug\monads.net.tests.dll" id="ad7eb85c-64a6-0ac0-fcf8-d62595701606">
      <Execution id="450c9924-bbe6-4732-b248-df15565485d9" />
      <TestMethod codeBase="C:/Users/erinh.SUNSHINE/Documents/My Dropbox/src/Monads.NET/Monads.NET/Monads.Net.Tests/bin/Debug/Monads.Net.Tests.DLL" adapterTypeName="Microsoft.VisualStudio.TestTools.TestTypes.Unit.UnitTestAdapter, Microsoft.VisualStudio.QualityTools.Tips.UnitTest.Adapter, Version=10.0.0.0, Culture=neutral, PublicKeyToken=b03f5f7f11d50a3a" className="Monads.Net.Tests.MaybeTests, Monads.Net.Tests, Version=1.0.0.0, Culture=neutral, PublicKeyToken=null" name="With_on_Dictionary_Without_Key_Returns_Null" />
    </UnitTest>
  </TestDefinitions>
  <TestLists>
    <TestList name="Results Not in a List" id="8c84fa94-04c1-424b-9868-57a2d4851a1d" />
    <TestList name="All Loaded Results" id="19431567-8539-422a-85d7-44ee4e166bda" />
  </TestLists>
  <TestEntries>
    <TestEntry testId="2a6f4f01-b3f2-c698-cec0-f0aa65613ab6" executionId="28391011-24ec-47ac-b78a-d034735b0601" testListId="8c84fa94-04c1-424b-9868-57a2d4851a1d" />
    <TestEntry testId="4a6834bd-a97d-2aa6-1f09-303f3ff7e263" executionId="53361dbb-d84d-4cf8-861b-b35e2209cd1e" testListId="8c84fa94-04c1-424b-9868-57a2d4851a1d" />
    <TestEntry testId="5697a7ff-4f17-e608-de09-0236fe603b77" executionId="9e519e8e-66ab-43b4-9948-858358534301" testListId="8c84fa94-04c1-424b-9868-57a2d4851a1d" />
    <TestEntry testId="5920a902-6682-dbf2-fab1-14da697cf8d3" executionId="9f48c0de-84f4-4565-9e4e-7ae047b07205" testListId="8c84fa94-04c1-424b-9868-57a2d4851a1d" />
    <TestEntry testId="5d22316c-9975-2227-18f8-623cbb08b67c" executionId="ad5e5bd3-377a-44ea-ba5d-51e73627d7e8" testListId="8c84fa94-04c1-424b-9868-57a2d4851a1d" />
    <TestEntry testId="64ab60ad-4c95-2274-25a0-0c982d93375a" executionId="eed8195d-5605-4126-9adc-bead053ee3e3" testListId="8c84fa94-04c1-424b-9868-57a2d4851a1d" />
    <TestEntry testId="ad7eb85c-64a6-0ac0-fcf8-d62595701606" executionId="450c9924-bbe6-4732-b248-df15565485d9" testListId="8c84fa94-04c1-424b-9868-57a2d4851a1d" />
    <TestEntry testId="c0270ca7-d82c-bc31-916e-b4d6b5e3a83b" executionId="d87f64bb-4176-4b6c-b0d2-698794a3b2b8" testListId="8c84fa94-04c1-424b-9868-57a2d4851a1d" />
    <TestEntry testId="f944a800-cea7-85ec-a81b-8e3853855ce2" executionId="efb8544a-7784-4e8b-b140-2038b9e32597" testListId="8c84fa94-04c1-424b-9868-57a2d4851a1d" />
  </TestEntries>
  <Results>
    <UnitTestResult executionId="28391011-24ec-47ac-b78a-d034735b0601" testId="2a6f4f01-b3f2-c698-cec0-f0aa65613ab6" testName="With_on_Dictionary_returns_Value" computerName="ERIN-H" duration="00:00:00.0330009" startTime="2011-04-04T23:33:38.1210109-06:00" endTime="2011-04-04T23:33:39.2180737-06:00" testType="13cdc9d9-ddb5-4fa4-a97d-d965ccfc6d4b" outcome="Passed" testListId="8c84fa94-04c1-424b-9868-57a2d4851a1d" relativeResultsDirectory="28391011-24ec-47ac-b78a-d034735b0601">
    </UnitTestResult>
    <UnitTestResult executionId="53361dbb-d84d-4cf8-861b-b35e2209cd1e" testId="4a6834bd-a97d-2aa6-1f09-303f3ff7e263" testName="With_on_An_Class_returns_value" computerName="ERIN-H" duration="00:00:00.0011431" startTime="2011-04-04T23:33:39.2560759-06:00" endTime="2011-04-04T23:33:39.2710767-06:00" testType="13cdc9d9-ddb5-4fa4-a97d-d965ccfc6d4b" outcome="Passed" testListId="8c84fa94-04c1-424b-9868-57a2d4851a1d" relativeResultsDirectory="53361dbb-d84d-4cf8-861b-b35e2209cd1e">
    </UnitTestResult>
    <UnitTestResult executionId="9e519e8e-66ab-43b4-9948-858358534301" testId="5697a7ff-4f17-e608-de09-0236fe603b77" testName="Return_on_null_class_returns_failValue" computerName="ERIN-H" duration="00:00:00.0009905" startTime="2011-04-04T23:33:39.2900778-06:00" endTime="2011-04-04T23:33:39.3070788-06:00" testType="13cdc9d9-ddb5-4fa4-a97d-d965ccfc6d4b" outcome="Passed" testListId="8c84fa94-04c1-424b-9868-57a2d4851a1d" relativeResultsDirectory="9e519e8e-66ab-43b4-9948-858358534301">
    </UnitTestResult>
    <UnitTestResult executionId="9f48c0de-84f4-4565-9e4e-7ae047b07205" testId="5920a902-6682-dbf2-fab1-14da697cf8d3" testName="Return_on_a_class_returns_ValueType_failvalue" computerName="ERIN-H" duration="00:00:00.0015019" startTime="2011-04-04T23:33:39.3320802-06:00" endTime="2011-04-04T23:33:39.3650821-06:00" testType="13cdc9d9-ddb5-4fa4-a97d-d965ccfc6d4b" outcome="Passed" testListId="8c84fa94-04c1-424b-9868-57a2d4851a1d" relativeResultsDirectory="9f48c0de-84f4-4565-9e4e-7ae047b07205">
    </UnitTestResult>
    <UnitTestResult executionId="ad5e5bd3-377a-44ea-ba5d-51e73627d7e8" testId="5d22316c-9975-2227-18f8-623cbb08b67c" testName="Return_on_a_class_returns_value" computerName="ERIN-H" duration="00:00:00.0005925" startTime="2011-04-04T23:33:39.3810830-06:00" endTime="2011-04-04T23:33:39.3950838-06:00" testType="13cdc9d9-ddb5-4fa4-a97d-d965ccfc6d4b" outcome="Passed" testListId="8c84fa94-04c1-424b-9868-57a2d4851a1d" relativeResultsDirectory="ad5e5bd3-377a-44ea-ba5d-51e73627d7e8">
    </UnitTestResult>
    <UnitTestResult executionId="eed8195d-5605-4126-9adc-bead053ee3e3" testId="64ab60ad-4c95-2274-25a0-0c982d93375a" testName="With_will_return_Null_when_class_is_null" computerName="ERIN-H" duration="00:00:00.0003765" startTime="2011-04-04T23:33:39.4120848-06:00" endTime="2011-04-04T23:33:39.4250855-06:00" testType="13cdc9d9-ddb5-4fa4-a97d-d965ccfc6d4b" outcome="Passed" testListId="8c84fa94-04c1-424b-9868-57a2d4851a1d" relativeResultsDirectory="eed8195d-5605-4126-9adc-bead053ee3e3">
    </UnitTestResult>
    <UnitTestResult executionId="450c9924-bbe6-4732-b248-df15565485d9" testId="ad7eb85c-64a6-0ac0-fcf8-d62595701606" testName="With_on_Dictionary_Without_Key_Returns_Null" computerName="ERIN-H" duration="00:00:00.0003452" startTime="2011-04-04T23:33:39.4430866-06:00" endTime="2011-04-04T23:33:39.4570874-06:00" testType="13cdc9d9-ddb5-4fa4-a97d-d965ccfc6d4b" outcome="Passed" testListId="8c84fa94-04c1-424b-9868-57a2d4851a1d" relativeResultsDirectory="450c9924-bbe6-4732-b248-df15565485d9">
    </UnitTestResult>
    <UnitTestResult executionId="d87f64bb-4176-4b6c-b0d2-698794a3b2b8" testId="c0270ca7-d82c-bc31-916e-b4d6b5e3a83b" testName="With_on_null_Dictionary_will_Return_Null" computerName="ERIN-H" duration="00:00:00.0003214" startTime="2011-04-04T23:33:39.4770885-06:00" endTime="2011-04-04T23:33:39.4920894-06:00" testType="13cdc9d9-ddb5-4fa4-a97d-d965ccfc6d4b" outcome="Passed" testListId="8c84fa94-04c1-424b-9868-57a2d4851a1d" relativeResultsDirectory="d87f64bb-4176-4b6c-b0d2-698794a3b2b8">
    </UnitTestResult>
    <UnitTestResult executionId="efb8544a-7784-4e8b-b140-2038b9e32597" testId="f944a800-cea7-85ec-a81b-8e3853855ce2" testName="Return_on_a_class_returns_ValueType_value" computerName="ERIN-H" duration="00:00:00.0015397" startTime="2011-04-04T23:33:39.5150907-06:00" endTime="2011-04-04T23:33:39.5320917-06:00" testType="13cdc9d9-ddb5-4fa4-a97d-d965ccfc6d4b" outcome="Passed" testListId="8c84fa94-04c1-424b-9868-57a2d4851a1d" relativeResultsDirectory="efb8544a-7784-4e8b-b140-2038b9e32597">
    </UnitTestResult>
  </Results>
</TestRun>